// Jest Snapshot v1, https://goo.gl/fbAQLP

exports[`Snapshot 1`] = `
Object {
  "Outputs": Object {
    "CronRuleArn": Object {
      "Value": Object {
        "Fn::GetAtt": Array [
          "Rule4C995B7F",
          "Arn",
        ],
      },
    },
    "CronRuleName": Object {
      "Value": Object {
        "Ref": "Rule4C995B7F",
      },
    },
    "InstanceOperationLambdaFunctionArn": Object {
      "Value": Object {
        "Fn::GetAtt": Array [
          "ScheduledDevelopmentEnvironment82C14BD1",
          "Arn",
        ],
      },
    },
    "InstanceOperationLambdaFunctionName": Object {
      "Value": Object {
        "Ref": "ScheduledDevelopmentEnvironment82C14BD1",
      },
    },
    "NotifyTopicArn": Object {
      "Value": Object {
        "Ref": "NotifyTopic5FFA0016",
      },
    },
    "NotifyTopicName": Object {
      "Value": Object {
        "Fn::GetAtt": Array [
          "NotifyTopic5FFA0016",
          "TopicName",
        ],
      },
    },
  },
  "Parameters": Object {
    "AssetParametersf122ab87bb0b795ae0b24dc00dd3d09239483722c721e243aa147b5bdbd18596ArtifactHash5ED491A9": Object {
      "Description": "Artifact hash for asset \\"f122ab87bb0b795ae0b24dc00dd3d09239483722c721e243aa147b5bdbd18596\\"",
      "Type": "String",
    },
    "AssetParametersf122ab87bb0b795ae0b24dc00dd3d09239483722c721e243aa147b5bdbd18596S3Bucket3E1DCE6A": Object {
      "Description": "S3 bucket for asset \\"f122ab87bb0b795ae0b24dc00dd3d09239483722c721e243aa147b5bdbd18596\\"",
      "Type": "String",
    },
    "AssetParametersf122ab87bb0b795ae0b24dc00dd3d09239483722c721e243aa147b5bdbd18596S3VersionKey7A90C284": Object {
      "Description": "S3 key for asset version \\"f122ab87bb0b795ae0b24dc00dd3d09239483722c721e243aa147b5bdbd18596\\"",
      "Type": "String",
    },
  },
  "Resources": Object {
    "NotifyTopic5FFA0016": Object {
      "Type": "AWS::SNS::Topic",
    },
    "NotifyTopicbrianpfeilgmailcom92A1199C": Object {
      "Properties": Object {
        "Endpoint": "brian.pfeil@gmail.com",
        "Protocol": "email",
        "TopicArn": Object {
          "Ref": "NotifyTopic5FFA0016",
        },
      },
      "Type": "AWS::SNS::Subscription",
    },
    "Rule4C995B7F": Object {
      "Properties": Object {
        "ScheduleExpression": "cron(0 4 * * ? *)",
        "State": "ENABLED",
        "Targets": Array [
          Object {
            "Arn": Object {
              "Fn::GetAtt": Array [
                "ScheduledDevelopmentEnvironment82C14BD1",
                "Arn",
              ],
            },
            "Id": "Target0",
          },
        ],
      },
      "Type": "AWS::Events::Rule",
    },
    "RuleAllowEventRuletestScheduledDevelopmentEnvironment9EB6D177C6E90BC9": Object {
      "Properties": Object {
        "Action": "lambda:InvokeFunction",
        "FunctionName": Object {
          "Fn::GetAtt": Array [
            "ScheduledDevelopmentEnvironment82C14BD1",
            "Arn",
          ],
        },
        "Principal": "events.amazonaws.com",
        "SourceArn": Object {
          "Fn::GetAtt": Array [
            "Rule4C995B7F",
            "Arn",
          ],
        },
      },
      "Type": "AWS::Lambda::Permission",
    },
    "ScheduledDevelopmentEnvironment82C14BD1": Object {
      "DependsOn": Array [
        "ScheduledDevelopmentEnvironmentServiceRoleDefaultPolicyBB6B7A7A",
        "ScheduledDevelopmentEnvironmentServiceRole2245AF2F",
      ],
      "Properties": Object {
        "Code": Object {
          "S3Bucket": Object {
            "Ref": "AssetParametersf122ab87bb0b795ae0b24dc00dd3d09239483722c721e243aa147b5bdbd18596S3Bucket3E1DCE6A",
          },
          "S3Key": Object {
            "Fn::Join": Array [
              "",
              Array [
                Object {
                  "Fn::Select": Array [
                    0,
                    Object {
                      "Fn::Split": Array [
                        "||",
                        Object {
                          "Ref": "AssetParametersf122ab87bb0b795ae0b24dc00dd3d09239483722c721e243aa147b5bdbd18596S3VersionKey7A90C284",
                        },
                      ],
                    },
                  ],
                },
                Object {
                  "Fn::Select": Array [
                    1,
                    Object {
                      "Fn::Split": Array [
                        "||",
                        Object {
                          "Ref": "AssetParametersf122ab87bb0b795ae0b24dc00dd3d09239483722c721e243aa147b5bdbd18596S3VersionKey7A90C284",
                        },
                      ],
                    },
                  ],
                },
              ],
            ],
          },
        },
        "Environment": Object {
          "Variables": Object {
            "INSTANCE_IDS": "[\\"i-06c49f207e012e481\\"]",
            "NOTIFY_TOPIC_ARN": Object {
              "Ref": "NotifyTopic5FFA0016",
            },
            "REGION": "us-east-1",
          },
        },
        "Handler": "main.instance_operation",
        "Role": Object {
          "Fn::GetAtt": Array [
            "ScheduledDevelopmentEnvironmentServiceRole2245AF2F",
            "Arn",
          ],
        },
        "Runtime": "python3.8",
        "Timeout": 300,
      },
      "Type": "AWS::Lambda::Function",
    },
    "ScheduledDevelopmentEnvironmentServiceRole2245AF2F": Object {
      "Properties": Object {
        "AssumeRolePolicyDocument": Object {
          "Statement": Array [
            Object {
              "Action": "sts:AssumeRole",
              "Effect": "Allow",
              "Principal": Object {
                "Service": "lambda.amazonaws.com",
              },
            },
          ],
          "Version": "2012-10-17",
        },
        "ManagedPolicyArns": Array [
          Object {
            "Fn::Join": Array [
              "",
              Array [
                "arn:",
                Object {
                  "Ref": "AWS::Partition",
                },
                ":iam::aws:policy/service-role/AWSLambdaBasicExecutionRole",
              ],
            ],
          },
        ],
      },
      "Type": "AWS::IAM::Role",
    },
    "ScheduledDevelopmentEnvironmentServiceRoleDefaultPolicyBB6B7A7A": Object {
      "Properties": Object {
        "PolicyDocument": Object {
          "Statement": Array [
            Object {
              "Action": "sns:Publish",
              "Effect": "Allow",
              "Resource": Object {
                "Ref": "NotifyTopic5FFA0016",
              },
            },
            Object {
              "Action": Array [
                "ec2:StartInstances",
                "ec2:StopInstances",
                "ec2:Describe*",
                "ec2:List*",
                "ec2:Get*",
              ],
              "Effect": "Allow",
              "Resource": "*",
            },
          ],
          "Version": "2012-10-17",
        },
        "PolicyName": "ScheduledDevelopmentEnvironmentServiceRoleDefaultPolicyBB6B7A7A",
        "Roles": Array [
          Object {
            "Ref": "ScheduledDevelopmentEnvironmentServiceRole2245AF2F",
          },
        ],
      },
      "Type": "AWS::IAM::Policy",
    },
  },
}
`;
